// Jest Snapshot v1, https://goo.gl/fbAQLP

exports[`PlaylistItems component Render all items 1`] = `ShallowWrapper {}`;

exports[`PlaylistItems component Renders without crashing 1`] = `ShallowWrapper {}`;
