// Jest Snapshot v1, https://goo.gl/fbAQLP

exports[`Playlist component Renders without crashing 1`] = `ShallowWrapper {}`;

exports[`Playlist component Renders without crashing 2`] = `ShallowWrapper {}`;
