// Jest Snapshot v1, https://goo.gl/fbAQLP

exports[`Back component Renders with classname 1`] = `ShallowWrapper {}`;

exports[`Back component Renders without crashing 1`] = `ShallowWrapper {}`;
