// Jest Snapshot v1, https://goo.gl/fbAQLP

exports[`SearchBar component Renders without crashing 1`] = `ShallowWrapper {}`;
