// Jest Snapshot v1, https://goo.gl/fbAQLP

exports[`Loading component Renders without crashing 1`] = `ShallowWrapper {}`;
