// Jest Snapshot v1, https://goo.gl/fbAQLP

exports[`Logo component Change logo opacity 1`] = `ShallowWrapper {}`;

exports[`Logo component Renders with classname 1`] = `ShallowWrapper {}`;

exports[`Logo component Renders without crashing 1`] = `ShallowWrapper {}`;
